// Jest Snapshot v1, https://goo.gl/fbAQLP

exports[`Home renders correctly 1`] = `
<div
  class="home"
>
  <h1>
    Feather
  </h1>
   
  <h2>
    An incredibly lightweight, atomic CSS framework that's based entirely in Sass.
  </h2>
</div>
`;
