// Jest Snapshot v1, https://goo.gl/fbAQLP

exports[`UtilitiesIndex renders correctly 1`] = `
<div>
  <h1>
    Feather Utilities
  </h1>
   
  <utility-list-stub />
</div>
`;
